npx : CompilerError: Stack too deep. Try 
compiling with `--via-ir` (cli) or the 
equivalent `viaIR: true` (standard JSON) while 
enabling the optimizer. Otherwise, try 
removing local variables.
At line:1 char:1
+ npx solc --optimize --base-path . 
--include-path node_modules --bin - ...
+ ~~~~~~~~~~~~~~~~~~~~~~~~~~~~~~~~~~~~~~~~~~~~~
~~~~~~~~~~~~~~~~~~~~~~~~
    + CategoryInfo          : NotSpecified: (C 
   ompilerError: ...ocal variables.:String) [  
  ], RemoteException
    + FullyQualifiedErrorId : NativeCommandErr 
   or
 
  --> contracts/AgentVault.sol:89:30:
   |
89 |             require(balances[user] >= 
fee, "Insufficient user balance for raid fee");
   |                              ^^^^


D:\demos\node_modules\solc\solc.js:246
            writeFile(contractFileName + 
'.bin', output.contracts[fileName][contractName
].evm.bytecode.object);
                                               
                                               
^

TypeError: Cannot read properties of undefined 
(reading 'bytecode')
    at Object.<anonymous> 
(D:\demos\node_modules\solc\solc.js:246:95)
    at Module._compile 
(node:internal/modules/cjs/loader:1469:14)
    at Module._extensions..js 
(node:internal/modules/cjs/loader:1548:10)
    at Module.load 
(node:internal/modules/cjs/loader:1288:32)
    at Module._load 
(node:internal/modules/cjs/loader:1104:12)
    at Function.executeUserEntryPoint [as 
runMain] 
(node:internal/modules/run_main:174:12)
    at node:internal/main/run_main_module:28:49

Node.js v20.18.0
